// Jest Snapshot v1, https://goo.gl/fbAQLP

exports[`App 1`] = `
<DocumentFragment>
  <div
    class="App"
  />
  <div
    class="Footer"
  >
    <h2>
      Footer
    </h2>
  </div>
</DocumentFragment>
`;
